Microchip MPLAB XC8 Compiler V2.32

Linker command line:

-W-3 --edf=C:\Program Files\Microchip\xc8\v2.32\pic\dat\en_msgs.txt -cn \
  -h+dist/default/production\EEPROM_ONE.X.production.sym \
  --cmf=dist/default/production\EEPROM_ONE.X.production.cmf -z -Q18F45K80 \
  -oC:\Users\kolel\AppData\Local\Temp\xcAs48k.4 --defsym=__MPLAB_BUILD=1 \
  -Mdist/default/production/EEPROM_ONE.X.production.map -E1 \
  -ver=XC8 Compiler --acfsm=1493 -ASTACK=0380h-0E40h -pstack=STACK \
  -ACODE=00h-07FFFh -ACONST=00h-07FFFh -ASMALLCONST=0F00h-0FFFhx113 \
  -AMEDIUMCONST=0F00h-07FFFh -ACOMRAM=01h-05Fh -AABS1=00h-0E40h \
  -ABIGRAM=01h-0E40h -ARAM=060h-0FFh,0100h-01FFhx13,0E00h-0E40h \
  -ABANK0=060h-0FFh -ABANK1=0100h-01FFh -ABANK2=0200h-02FFh \
  -ABANK3=0300h-03FFh -ABANK4=0400h-04FFh -ABANK5=0500h-05FFh \
  -ABANK6=0600h-06FFh -ABANK7=0700h-07FFh -ABANK8=0800h-08FFh \
  -ABANK9=0900h-09FFh -ABANK10=0A00h-0AFFh -ABANK11=0B00h-0BFFh \
  -ABANK12=0C00h-0CFFh -ABANK13=0D00h-0DFFh -ABANK14=0E00h-0E40h \
  -ASFR=0E41h-0EFFh,0F00h-0F5Fh,0F60h-0FFFh -ACONFIG=0300000h-030000Dh \
  -AIDLOC=0200000h-0200007h -AEEDATA=0F00000h-0F003FFh -peeprom_data=EEDATA \
  -preset_vec=00h,intcode=08h,intcodelo=018h,powerup,init -pramtop=0F00h \
  -psmallconst=SMALLCONST -pmediumconst=MEDIUMCONST -pconst=CONST \
  -AFARRAM=00h-00h \
  -prdata=COMRAM,nvrram=COMRAM,nvbit=COMRAM,rbss=COMRAM,rbit=COMRAM \
  -pfarbss=FARRAM,fardata=FARRAM,nvFARRAM=FARRAM \
  -pintsave_regs=BIGRAM,bigbss=BIGRAM,bigdata=BIGRAM -pbss=RAM \
  -pidata=CODE,irdata=CODE,ibigdata=CODE,ifardata=CODE -prparam=COMRAM \
  C:\Users\kolel\AppData\Local\Temp\xcAs48k.o \
  dist/default/production\EEPROM_ONE.X.production.o 

Object code version is 3.11

Machine type is 18F45K80



                Name                               Link     Load   Length Selector   Space Scale
C:\Users\kolel\AppData\Local\Temp\xcAs48k.o
                idloc                            200000   200000        8        0       5
                config                           300000   300000        E        0       4
                init                                 C6       C6        4        C       0
                reset_vec                             0        0        4        0       0
dist/default/production\EEPROM_ONE.X.production.o
                intcodelo                            18       18       AE        C       0
                intcode                               8        8        6        4       0
                idloc                            200000   200000        8        0       5
                config                           300000   300000        E        0       4
                temp                                 4F       4F        1        1       1
                smallconst                          F00      F00       28      780       0
                text42                             1C34     1C34       14      794       0
                text41                             1688     1688       B0      794       0
                text40                             1A92     1A92       30      794       0
                text39                             1738     1738       92      794       0
                text38                             1B14     1B14       28      794       0
                text37                             19B8     19B8       3C      794       0
                intcode_body                       18B6     18B6       68      794       0
                text35                             1AC2     1AC2       2A      794       0
                text34                             1CC0     1CC0        6      794       0
                text33                             1CCA     1CCA        2      E65       0
                text32                             1CBA     1CBA        6      794       0
                text31                             15C8     15C8       C0      794       0
                text30                             1978     1978       40      794       0
                text28                             1BC6     1BC6       1A      794       0
                text27                             1A60     1A60       32      794       0
                text26                             1C20     1C20       14      794       0
                text25                             1BE0     1BE0       18      794       0
                text24                             13FC     13FC       E8      794       0
                text23                             1C0C     1C0C       14      794       0
                text22                             14E4     14E4       E4      794       0
                text21                             12F0     12F0      10C      794       0
                text20                             191E     191E       5A      794       0
                text19                             1BA8     1BA8       1E      794       0
                text18                             1CB0     1CB0        A      794       0
                text17                             1B62     1B62       24      794       0
                text16                             1CA6     1CA6        A      794       0
                text15                             1C9C     1C9C        A      794       0
                text14                             1C92     1C92        A      794       0
                text13                             1C88     1C88        A      794       0
                text12                             1C7E     1C7E        A      794       0
                text11                             1842     1842       74      794       0
                text10                             1BF8     1BF8       14      794       0
                text9                              1C68     1C68        C      794       0
                text8                              1C48     1C48       12      794       0
                text7                              1A2A     1A2A       36      794       0
                text6                              1B3C     1B3C       26      794       0
                text5                              1C74     1C74        A      794       0
                text4                              19F4     19F4       36      794       0
                text3                              1B86     1B86       22      794       0
                text2                              1AEC     1AEC       28      794       0
                text1                              1C5A     1C5A        E      794       0
                text0                               F28      F28      3C8      794       0
                cstackCOMRAM                          1        1       24        1       1
                cstackBANK0                          C4       C4        2       60       1
                bssBANK3                            300      300       80      300       1
                bssBANK2                            200      200      100      200       1
                bssBANK1                            100      100      100      100       1
                bssBANK0                             60       60       64       60       1
                dataCOMRAM                           4C       4C        3        1       1
                bssCOMRAM                            39       39       13        1       1
                cinit                              17CA     17CA       78      794       0
                nvCOMRAM                             25       25       14        1       1
                idataCOMRAM                        1CC6     1CC6        3      794       0

TOTAL           Name                               Link     Load   Length     Space
        CLASS   STACK          

        CLASS   CODE           
                intcodelo                            18       18       AE         0
                intcode                               8        8        6         0
                init                                 C6       C6        4         0
                reset_vec                             0        0        4         0
                text42                             1C34     1C34       14         0
                text41                             1688     1688       B0         0
                text40                             1A92     1A92       30         0
                text39                             1738     1738       92         0
                text38                             1B14     1B14       28         0
                text37                             19B8     19B8       3C         0
                intcode_body                       18B6     18B6       68         0
                text35                             1AC2     1AC2       2A         0
                text34                             1CC0     1CC0        6         0
                text33                             1CCA     1CCA        2         0
                text32                             1CBA     1CBA        6         0
                text31                             15C8     15C8       C0         0
                text30                             1978     1978       40         0
                text28                             1BC6     1BC6       1A         0
                text27                             1A60     1A60       32         0
                text26                             1C20     1C20       14         0
                text25                             1BE0     1BE0       18         0
                text24                             13FC     13FC       E8         0
                text23                             1C0C     1C0C       14         0
                text22                             14E4     14E4       E4         0
                text21                             12F0     12F0      10C         0
                text20                             191E     191E       5A         0
                text19                             1BA8     1BA8       1E         0
                text18                             1CB0     1CB0        A         0
                text17                             1B62     1B62       24         0
                text16                             1CA6     1CA6        A         0
                text15                             1C9C     1C9C        A         0
                text14                             1C92     1C92        A         0
                text13                             1C88     1C88        A         0
                text12                             1C7E     1C7E        A         0
                text11                             1842     1842       74         0
                text10                             1BF8     1BF8       14         0
                text9                              1C68     1C68        C         0
                text8                              1C48     1C48       12         0
                text7                              1A2A     1A2A       36         0
                text6                              1B3C     1B3C       26         0
                text5                              1C74     1C74        A         0
                text4                              19F4     19F4       36         0
                text3                              1B86     1B86       22         0
                text2                              1AEC     1AEC       28         0
                text1                              1C5A     1C5A        E         0
                text0                               F28      F28      3C8         0
                cinit                              17CA     17CA       78         0
                idataCOMRAM                        1CC6     1CC6        3         0

        CLASS   CONST          

        CLASS   SMALLCONST     
                smallconst                          F00      F00       28         0

        CLASS   MEDIUMCONST    

        CLASS   COMRAM         
                temp                                 4F       4F        1         1
                cstackCOMRAM                          1        1       24         1
                dataCOMRAM                           4C       4C        3         1
                bssCOMRAM                            39       39       13         1
                nvCOMRAM                             25       25       14         1

        CLASS   ABS1           

        CLASS   BIGRAM         

        CLASS   RAM            

        CLASS   BANK0          
                cstackBANK0                          C4       C4        2         1
                bssBANK0                             60       60       64         1

        CLASS   BANK1          
                bssBANK1                            100      100      100         1

        CLASS   BANK2          
                bssBANK2                            200      200      100         1

        CLASS   BANK3          
                bssBANK3                            300      300       80         1

        CLASS   BANK4          

        CLASS   BANK5          

        CLASS   BANK6          

        CLASS   BANK7          

        CLASS   BANK8          

        CLASS   BANK9          

        CLASS   BANK10         

        CLASS   BANK11         

        CLASS   BANK12         

        CLASS   BANK13         

        CLASS   BANK14         

        CLASS   SFR            

        CLASS   CONFIG         
                config                           300000   300000        E         4

        CLASS   IDLOC          
                idloc                            200000   200000        8         5

        CLASS   EEDATA         

        CLASS   FARRAM         



SEGMENTS        Name                           Load    Length   Top    Selector   Space  Class

                reset_vec                      000000  000004  000004         0       0  CODE    
                cstackCOMRAM                   000001  00004F  000050         1       1  COMRAM  
                intcode                        000008  000006  00000E         4       0  CODE    
                intcodelo                      000018  0000B2  0000CA         C       0  CODE    
                bssBANK0                       000060  000066  0000C6        60       1  BANK0   
                bssBANK1                       000100  000100  000200       100       1  BANK1   
                bssBANK2                       000200  000100  000300       200       1  BANK2   
                bssBANK3                       000300  000080  000380       300       1  BANK3   
                smallconst                     000F00  000028  000F28       780       0  SMALLCON
                text0                          000F28  000DA1  001CC9       794       0  CODE    
                text33                         001CCA  000002  001CCC       E65       0  CODE    


UNUSED ADDRESS RANGES

        Name                Unused          Largest block    Delta
        BANK0            0000C6-0000FF               3A
        BANK10           000A00-000AFF              100
        BANK11           000B00-000BFF              100
        BANK12           000C00-000CFF              100
        BANK13           000D00-000DFF              100
        BANK14           000E00-000E40               41
        BANK3            000380-0003FF               80
        BANK4            000400-0004FF              100
        BANK5            000500-0005FF              100
        BANK6            000600-0006FF              100
        BANK7            000700-0007FF              100
        BANK8            000800-0008FF              100
        BANK9            000900-0009FF              100
        BIGRAM           000050-00005F               10
                         0000C6-0000FF               3A
                         000380-000E40              AC1
        CODE             000004-000007                4
                         00000E-000017                A
                         0000CA-000EFF              E36
                         001CC9-001CC9                1
                         001CCC-007FFF             6334
        COMRAM           000050-00005F               10
        CONST            000004-000007                4
                         00000E-000017                A
                         0000CA-000EFF              E36
                         001CC9-001CC9                1
                         001CCC-007FFF             6334
        EEDATA           F00000-F003FF              400
        MEDIUMCONST      001CC9-001CC9                1
                         001CCC-007FFF             6334
        RAM              0000C6-0000FF               3A
                         000380-000E40              100
        SFR              000E41-000FFF               BF
        SMALLCONST       001CC9-001CC9                1
                         001CCC-007FFF              100
        STACK            000380-000E40              AC1

                                  Symbol Table

?_ADC_GetConversionResult                       cstackCOMRAM 000001
?___aldiv                                       cstackCOMRAM 000010
ADC_SetInterruptHandler@InterruptHandler        cstackCOMRAM 000010
ADC_StartConversion@channel                     cstackCOMRAM 000011
EEPROM_ReadPg@cnt                               cstackCOMRAM 00001D
EEPROM_ReadPg@page                              cstackCOMRAM 000011
EEPROM_ReadPg@product                           cstackCOMRAM 000019
EEPROM_ReadPg@ptr                               cstackCOMRAM 000013
EEPROM_WritePg@cnt                              cstackCOMRAM 000019
EEPROM_WritePg@page                             cstackCOMRAM 000011
EEPROM_WritePg@product                          cstackCOMRAM 00001A
EEPROM_WritePg@ptr                              cstackCOMRAM 000013
EUSART1_SetErrorHandler@interruptHandler        cstackCOMRAM 000010
EUSART1_SetFramingErrorHandler@interruptHandler cstackCOMRAM 000010
EUSART1_SetOverrunErrorHandler@interruptHandler cstackCOMRAM 000010
EUSART1_SetRxInterruptHandler@interruptHandler  cstackCOMRAM 000010
EUSART1_SetTxInterruptHandler@interruptHandler  cstackCOMRAM 000010
I2C_INTIALIZE@clock                             cstackCOMRAM 00001E
MAX517_Update@data                              cstackCOMRAM 000011
TMR1_SetInterruptHandler@InterruptHandler       cstackCOMRAM 000010
TMR1_WriteTimer@timerVal                        cstackCOMRAM 000010
_ADCON0                                         (abs)        000FC2
_ADCON0bits                                     (abs)        000FC2
_ADCON1                                         (abs)        000FC1
_ADCON2                                         (abs)        000FC0
_ADC_DefaultInterruptHandler                    text41       001688
_ADC_GetConversionResult                        text42       001C34
_ADC_ISR                                        text40       001A92
_ADC_Initialize                                 text17       001B62
_ADC_InterruptHandler                           nvCOMRAM     000027
_ADC_SetInterruptHandler                        text18       001CB0
_ADC_StartConversion                            text28       001BC6
_ADRESH                                         (abs)        000FC4
_ADRESL                                         (abs)        000FC3
_ANCON0                                         (abs)        000F5D
_ANCON1                                         (abs)        000F5C
_BAUDCON1                                       (abs)        000FA7
_EEPROM_ReadPg                                  text24       0013FC
_EEPROM_WritePg                                 text22       0014E4
_EUSART1_DefaultErrorHandler                    text34       001CC0
_EUSART1_DefaultFramingErrorHandler             text33       001CCA
_EUSART1_DefaultOverrunErrorHandler             text32       001CBA
_EUSART1_ErrorHandler                           nvCOMRAM     00002D
_EUSART1_FramingErrorHandler                    nvCOMRAM     000031
_EUSART1_Initialize                             text11       001842
_EUSART1_OverrunErrorHandler                    nvCOMRAM     00002F
_EUSART1_Receive_ISR                            text31       0015C8
_EUSART1_RxDataHandler                          text35       001AC2
_EUSART1_RxDefaultInterruptHandler              nvCOMRAM     000033
_EUSART1_SetErrorHandler                        text16       001CA6
_EUSART1_SetFramingErrorHandler                 text15       001C9C
_EUSART1_SetOverrunErrorHandler                 text14       001C92
_EUSART1_SetRxInterruptHandler                  text13       001C88
_EUSART1_SetTxInterruptHandler                  text12       001C7E
_EUSART1_Transmit_ISR                           text30       001978
_EUSART1_TxDefaultInterruptHandler              nvCOMRAM     000035
_I2C_CallbackReturnReset                        (abs)        000000
_I2C_CallbackReturnStop                         (abs)        000000
_I2C_DO_ADDRESS_NACK                            (abs)        000000
_I2C_DO_IDLE                                    (abs)        000000
_I2C_DO_RCEN                                    (abs)        000000
_I2C_DO_RESET                                   (abs)        000000
_I2C_DO_RX                                      (abs)        000000
_I2C_DO_RX_ACK                                  (abs)        000000
_I2C_DO_RX_NACK_RESTART                         (abs)        000000
_I2C_DO_RX_NACK_STOP                            (abs)        000000
_I2C_DO_SEND_ADR_READ                           (abs)        000000
_I2C_DO_SEND_ADR_WRITE                          (abs)        000000
_I2C_DO_SEND_RESTART                            (abs)        000000
_I2C_DO_SEND_RESTART_READ                       (abs)        000000
_I2C_DO_SEND_RESTART_WRITE                      (abs)        000000
_I2C_DO_SEND_STOP                               (abs)        000000
_I2C_DO_TX                                      (abs)        000000
_I2C_DO_TX_EMPTY                                (abs)        000000
_I2C_INTIALIZE                                  text20       00191E
_I2C_Initialize                                 text10       001BF8
_I2C_STOP                                       (abs)        007E3C
_I2C_Status                                     bssBANK0     0000A0
_INTCON2bits                                    (abs)        000FF1
_INTCONbits                                     (abs)        000FF2
_INTERRUPT_Initialize                           text9        001C68
_INTERRUPT_InterruptManagerHigh                 intcode      000008
_INTERRUPT_InterruptManagerLow                  intcodelo    000018
_IPR1bits                                       (abs)        000F9F
_LATA                                           (abs)        000F89
_LATB                                           (abs)        000F8A
_LATC                                           (abs)        000F8B
_LATCbits                                       (abs)        000F8B
_LATD                                           (abs)        000F8C
_LATE                                           (abs)        000F8D
_MAX517_Update                                  text19       001BA8
_Nestor                                         bssCOMRAM    000041
_OSCCON                                         (abs)        000FD3
_OSCCON2                                        (abs)        000FD2
_OSCILLATOR_Initialize                          text8        001C48
_OSCTUNE                                        (abs)        000F9B
_PIE1bits                                       (abs)        000F9D
_PIN_MANAGER_Initialize                         text7        001A2A
_PIR1bits                                       (abs)        000F9E
_PIR2bits                                       (abs)        000FA1
_PORTEbits                                      (abs)        000F84
_RCONbits                                       (abs)        000FD0
_RCREG1                                         (abs)        000FAE
_RCSTA1                                         (abs)        000FAB
_RCSTA1bits                                     (abs)        000FAB
_REFOCON                                        (abs)        000F9A
_SPBRG1                                         (abs)        000FAF
_SPBRGH1                                        (abs)        000F7D
_SSPADD                                         (abs)        000FC8
_SSPBUF                                         (abs)        000FC9
_SSPCON1                                        (abs)        000FC6
_SSPCON1bits                                    (abs)        000FC6
_SSPCON2                                        (abs)        000FC5
_SSPCON2bits                                    (abs)        000FC5
_SSPSTAT                                        (abs)        000FC7
_SSPSTATbits                                    (abs)        000FC7
_SYSTEM_Initialize                              text3        001B86
_T0CON                                          (abs)        000FD5
_T0CONbits                                      (abs)        000FD5
_T1CON                                          (abs)        000FCD
_T1CONbits                                      (abs)        000FCD
_T1GCON                                         (abs)        000FAA
_T1GCONbits                                     (abs)        000FAA
_TMR0H                                          (abs)        000FD7
_TMR0L                                          (abs)        000FD6
_TMR0_Initialize                                text6        001B3C
_TMR1H                                          (abs)        000FCF
_TMR1L                                          (abs)        000FCE
_TMR1_DefaultInterruptHandler                   text39       001738
_TMR1_ISR                                       text37       0019B8
_TMR1_Initialize                                text4        0019F4
_TMR1_InterruptHandler                          nvCOMRAM     000029
_TMR1_Reload                                    text1        001C5A
_TMR1_SetInterruptHandler                       text5        001C74
_TMR1_WriteTimer                                text2        001AEC
_TRISA                                          (abs)        000F92
_TRISB                                          (abs)        000F93
_TRISC                                          (abs)        000F94
_TRISCbits                                      (abs)        000F94
_TRISD                                          (abs)        000F95
_TRISE                                          (abs)        000F96
_TXREG1                                         (abs)        000FAD
_TXSTA1                                         (abs)        000FAC
_TXSTA1bits                                     (abs)        000FAC
_WPUB                                           (abs)        000F5B
__HRAM                                          (abs)        000000
__Habs1                                         abs1         000000
__Hbank0                                        bank0        000000
__Hbank1                                        bank1        000000
__Hbank10                                       bank10       000000
__Hbank11                                       bank11       000000
__Hbank12                                       bank12       000000
__Hbank13                                       bank13       000000
__Hbank14                                       bank14       000000
__Hbank2                                        bank2        000000
__Hbank3                                        bank3        000000
__Hbank4                                        bank4        000000
__Hbank5                                        bank5        000000
__Hbank6                                        bank6        000000
__Hbank7                                        bank7        000000
__Hbank8                                        bank8        000000
__Hbank9                                        bank9        000000
__Hbigbss                                       bigbss       000000
__Hbigdata                                      bigdata      000000
__Hbigram                                       bigram       000000
__Hbss                                          bss          000000
__HbssBANK0                                     bssBANK0     000000
__HbssBANK1                                     bssBANK1     000000
__HbssBANK2                                     bssBANK2     000000
__HbssBANK3                                     bssBANK3     000000
__HbssCOMRAM                                    bssCOMRAM    000000
__Hcinit                                        cinit        000000
__Hclrtext                                      clrtext      000000
__Hcomram                                       comram       000000
__Hconfig                                       config       30000E
__Hconst                                        const        000000
__HcstackBANK0                                  cstackBANK0  000000
__HcstackCOMRAM                                 cstackCOMRAM 000000
__Hdata                                         data         000000
__HdataCOMRAM                                   dataCOMRAM   000000
__Heeprom_data                                  eeprom_data  000000
__Hfarbss                                       farbss       000000
__Hfardata                                      fardata      000000
__Hibigdata                                     ibigdata     000000
__Hidata                                        idata        000000
__HidataCOMRAM                                  idataCOMRAM  000000
__Hidloc                                        idloc        200008
__Hifardata                                     ifardata     000000
__Hinit                                         init         0000CA
__Hintcode                                      intcode      00000E
__Hintcode_body                                 intcode_body 000000
__Hintcodelo                                    intcodelo    0000C6
__Hintentry                                     intentry     000000
__Hintret                                       intret       000000
__Hintsave_regs                                 intsave_regs 000000
__Hirdata                                       irdata       000000
__Hmediumconst                                  mediumconst  000000
__HnvCOMRAM                                     nvCOMRAM     000000
__HnvFARRAM                                     nvFARRAM     000000
__Hnvbit                                        nvbit        000000
__Hnvrram                                       nvrram       000000
__Hparam                                        rparam       000000
__Hpowerup                                      powerup      0000C6
__Hram                                          ram          000000
__Hramtop                                       ramtop       000F00
__Hrbit                                         rbit         000000
__Hrbss                                         rbss         000000
__Hrdata                                        rdata        000000
__Hreset_vec                                    reset_vec    000004
__Hrparam                                       rparam       000000
__Hsfr                                          sfr          000000
__Hsmallconst                                   smallconst   000F28
__Hspace_0                                      (abs)        001CCC
__Hspace_1                                      (abs)        000380
__Hspace_2                                      (abs)        000000
__Hspace_4                                      (abs)        60000E
__Hstack                                        stack        000000
__Hstruct                                       struct       000000
__Htemp                                         temp         000050
__Htext                                         text         000000
__Htext0                                        text0        000000
__Htext1                                        text1        000000
__Htext10                                       text10       000000
__Htext11                                       text11       000000
__Htext12                                       text12       000000
__Htext13                                       text13       000000
__Htext14                                       text14       000000
__Htext15                                       text15       000000
__Htext16                                       text16       000000
__Htext17                                       text17       000000
__Htext18                                       text18       000000
__Htext19                                       text19       000000
__Htext2                                        text2        000000
__Htext20                                       text20       000000
__Htext21                                       text21       000000
__Htext22                                       text22       000000
__Htext23                                       text23       000000
__Htext24                                       text24       000000
__Htext25                                       text25       000000
__Htext26                                       text26       000000
__Htext27                                       text27       000000
__Htext28                                       text28       000000
__Htext3                                        text3        000000
__Htext30                                       text30       000000
__Htext31                                       text31       000000
__Htext32                                       text32       000000
__Htext33                                       text33       000000
__Htext34                                       text34       000000
__Htext35                                       text35       000000
__Htext37                                       text37       000000
__Htext38                                       text38       000000
__Htext39                                       text39       000000
__Htext4                                        text4        000000
__Htext40                                       text40       000000
__Htext41                                       text41       000000
__Htext42                                       text42       000000
__Htext43                                       text43       000000
__Htext5                                        text5        000000
__Htext6                                        text6        000000
__Htext7                                        text7        000000
__Htext8                                        text8        000000
__Htext9                                        text9        000000
__LRAM                                          (abs)        000001
__Labs1                                         abs1         000000
__Lbank0                                        bank0        000000
__Lbank1                                        bank1        000000
__Lbank10                                       bank10       000000
__Lbank11                                       bank11       000000
__Lbank12                                       bank12       000000
__Lbank13                                       bank13       000000
__Lbank14                                       bank14       000000
__Lbank2                                        bank2        000000
__Lbank3                                        bank3        000000
__Lbank4                                        bank4        000000
__Lbank5                                        bank5        000000
__Lbank6                                        bank6        000000
__Lbank7                                        bank7        000000
__Lbank8                                        bank8        000000
__Lbank9                                        bank9        000000
__Lbigbss                                       bigbss       000000
__Lbigdata                                      bigdata      000000
__Lbigram                                       bigram       000000
__Lbss                                          bss          000000
__LbssBANK0                                     bssBANK0     000000
__LbssBANK1                                     bssBANK1     000000
__LbssBANK2                                     bssBANK2     000000
__LbssBANK3                                     bssBANK3     000000
__LbssCOMRAM                                    bssCOMRAM    000000
__Lcinit                                        cinit        000000
__Lclrtext                                      clrtext      000000
__Lcomram                                       comram       000000
__Lconfig                                       config       000000
__Lconst                                        const        000000
__LcstackBANK0                                  cstackBANK0  000000
__LcstackCOMRAM                                 cstackCOMRAM 000000
__Ldata                                         data         000000
__LdataCOMRAM                                   dataCOMRAM   000000
__Leeprom_data                                  eeprom_data  000000
__Lfarbss                                       farbss       000000
__Lfardata                                      fardata      000000
__Libigdata                                     ibigdata     000000
__Lidata                                        idata        000000
__LidataCOMRAM                                  idataCOMRAM  000000
__Lidloc                                        idloc        000000
__Lifardata                                     ifardata     000000
__Linit                                         init         0000C6
__Lintcode                                      intcode      000008
__Lintcode_body                                 intcode_body 000000
__Lintcodelo                                    intcodelo    000018
__Lintentry                                     intentry     000000
__Lintret                                       intret       000000
__Lintsave_regs                                 intsave_regs 000000
__Lirdata                                       irdata       000000
__Lmediumconst                                  mediumconst  000000
__LnvCOMRAM                                     nvCOMRAM     000000
__LnvFARRAM                                     nvFARRAM     000000
__Lnvbit                                        nvbit        000000
__Lnvrram                                       nvrram       000000
__Lparam                                        rparam       000000
__Lpowerup                                      powerup      0000C6
__Lram                                          ram          000000
__Lramtop                                       ramtop       000F00
__Lrbit                                         rbit         000000
__Lrbss                                         rbss         000000
__Lrdata                                        rdata        000000
__Lreset_vec                                    reset_vec    000000
__Lrparam                                       rparam       000000
__Lsfr                                          sfr          000000
__Lsmallconst                                   smallconst   000F00
__Lspace_0                                      (abs)        000000
__Lspace_1                                      (abs)        000000
__Lspace_2                                      (abs)        000000
__Lspace_4                                      (abs)        000000
__Lstack                                        stack        000000
__Lstruct                                       struct       000000
__Ltemp                                         temp         00004F
__Ltext                                         text         000000
__Ltext0                                        text0        000000
__Ltext1                                        text1        000000
__Ltext10                                       text10       000000
__Ltext11                                       text11       000000
__Ltext12                                       text12       000000
__Ltext13                                       text13       000000
__Ltext14                                       text14       000000
__Ltext15                                       text15       000000
__Ltext16                                       text16       000000
__Ltext17                                       text17       000000
__Ltext18                                       text18       000000
__Ltext19                                       text19       000000
__Ltext2                                        text2        000000
__Ltext20                                       text20       000000
__Ltext21                                       text21       000000
__Ltext22                                       text22       000000
__Ltext23                                       text23       000000
__Ltext24                                       text24       000000
__Ltext25                                       text25       000000
__Ltext26                                       text26       000000
__Ltext27                                       text27       000000
__Ltext28                                       text28       000000
__Ltext3                                        text3        000000
__Ltext30                                       text30       000000
__Ltext31                                       text31       000000
__Ltext32                                       text32       000000
__Ltext33                                       text33       000000
__Ltext34                                       text34       000000
__Ltext35                                       text35       000000
__Ltext37                                       text37       000000
__Ltext38                                       text38       000000
__Ltext39                                       text39       000000
__Ltext4                                        text4        000000
__Ltext40                                       text40       000000
__Ltext41                                       text41       000000
__Ltext42                                       text42       000000
__Ltext43                                       text43       000000
__Ltext5                                        text5        000000
__Ltext6                                        text6        000000
__Ltext7                                        text7        000000
__Ltext8                                        text8        000000
__Ltext9                                        text9        000000
__S0                                            (abs)        001CCC
__S1                                            (abs)        000380
__S2                                            (abs)        000000
__S4                                            (abs)        000000
__S5                                            (abs)        000000
___aldiv                                        text21       0012F0
___aldiv@counter                                cstackCOMRAM 000018
___aldiv@dividend                               cstackCOMRAM 000010
___aldiv@divisor                                cstackCOMRAM 000014
___aldiv@quotient                               cstackCOMRAM 00001A
___aldiv@sign                                   cstackCOMRAM 000019
___inthi_sp                                     stack        000000
___intlo_sp                                     stack        000000
___param_bank                                   (abs)        000000
___rparam_used                                  (abs)        000001
___sp                                           stack        000000
__accesstop                                     (abs)        000060
__activetblptr                                  (abs)        000002
__end_of_ADC_DefaultInterruptHandler            text41       001738
__end_of_ADC_GetConversionResult                text42       001C48
__end_of_ADC_ISR                                text40       001AC2
__end_of_ADC_Initialize                         text17       001B86
__end_of_ADC_SetInterruptHandler                text18       001CBA
__end_of_ADC_StartConversion                    text28       001BE0
__end_of_EEPROM_ReadPg                          text24       0014E4
__end_of_EEPROM_WritePg                         text22       0015C8
__end_of_EUSART1_DefaultErrorHandler            text34       001CC6
__end_of_EUSART1_DefaultFramingErrorHandler     text33       001CCC
__end_of_EUSART1_DefaultOverrunErrorHandler     text32       001CC0
__end_of_EUSART1_Initialize                     text11       0018B6
__end_of_EUSART1_Receive_ISR                    text31       001688
__end_of_EUSART1_RxDataHandler                  text35       001AEC
__end_of_EUSART1_SetErrorHandler                text16       001CB0
__end_of_EUSART1_SetFramingErrorHandler         text15       001CA6
__end_of_EUSART1_SetOverrunErrorHandler         text14       001C9C
__end_of_EUSART1_SetRxInterruptHandler          text13       001C92
__end_of_EUSART1_SetTxInterruptHandler          text12       001C88
__end_of_EUSART1_Transmit_ISR                   text30       0019B8
__end_of_I2C_INTIALIZE                          text20       001978
__end_of_I2C_Initialize                         text10       001C0C
__end_of_INTERRUPT_Initialize                   text9        001C74
__end_of_INTERRUPT_InterruptManagerHigh         intcode_body 00191E
__end_of_INTERRUPT_InterruptManagerLow          intcodelo    0000C6
__end_of_MAX517_Update                          text19       001BC6
__end_of_OSCILLATOR_Initialize                  text8        001C5A
__end_of_PIN_MANAGER_Initialize                 text7        001A60
__end_of_SYSTEM_Initialize                      text3        001BA8
__end_of_TMR0_Initialize                        text6        001B62
__end_of_TMR1_DefaultInterruptHandler           text39       0017CA
__end_of_TMR1_ISR                               text37       0019F4
__end_of_TMR1_Initialize                        text4        001A2A
__end_of_TMR1_Reload                            text1        001C68
__end_of_TMR1_SetInterruptHandler               text5        001C7E
__end_of_TMR1_WriteTimer                        text2        001B14
__end_of___aldiv                                text21       0013FC
__end_of__initialization                        cinit        001834
__end_of_i2c_fsmStateTable                      smallconst   000F21
__end_of_i2c_read                               text27       001A92
__end_of_i2c_start                              text26       001C34
__end_of_i2c_stop                               text23       001C20
__end_of_i2c_write                              text25       001BF8
__end_of_main                                   text0        0012F0
__end_ofi2_TMR1_WriteTimer                      text38       001B3C
__initialization                                cinit        0017CA
__mediumconst                                   mediumconst  000000
__pbssBANK0                                     bssBANK0     000060
__pbssBANK1                                     bssBANK1     000100
__pbssBANK2                                     bssBANK2     000200
__pbssBANK3                                     bssBANK3     000300
__pbssCOMRAM                                    bssCOMRAM    000039
__pcinit                                        cinit        0017CA
__pcstackBANK0                                  cstackBANK0  0000C4
__pcstackCOMRAM                                 cstackCOMRAM 000001
__pdataCOMRAM                                   dataCOMRAM   00004C
__pidataCOMRAM                                  idataCOMRAM  001CC6
__pintcode                                      intcode      000008
__pintcode_body                                 intcode_body 0018B6
__pintcodelo                                    intcodelo    000018
__pnvCOMRAM                                     nvCOMRAM     000025
__psmallconst                                   smallconst   000F00
__ptext0                                        text0        000F28
__ptext1                                        text1        001C5A
__ptext10                                       text10       001BF8
__ptext11                                       text11       001842
__ptext12                                       text12       001C7E
__ptext13                                       text13       001C88
__ptext14                                       text14       001C92
__ptext15                                       text15       001C9C
__ptext16                                       text16       001CA6
__ptext17                                       text17       001B62
__ptext18                                       text18       001CB0
__ptext19                                       text19       001BA8
__ptext2                                        text2        001AEC
__ptext20                                       text20       00191E
__ptext21                                       text21       0012F0
__ptext22                                       text22       0014E4
__ptext23                                       text23       001C0C
__ptext24                                       text24       0013FC
__ptext25                                       text25       001BE0
__ptext26                                       text26       001C20
__ptext27                                       text27       001A60
__ptext28                                       text28       001BC6
__ptext3                                        text3        001B86
__ptext30                                       text30       001978
__ptext31                                       text31       0015C8
__ptext32                                       text32       001CBA
__ptext33                                       text33       001CCA
__ptext34                                       text34       001CC0
__ptext35                                       text35       001AC2
__ptext37                                       text37       0019B8
__ptext38                                       text38       001B14
__ptext39                                       text39       001738
__ptext4                                        text4        0019F4
__ptext40                                       text40       001A92
__ptext41                                       text41       001688
__ptext42                                       text42       001C34
__ptext43                                       text43       000000
__ptext5                                        text5        001C74
__ptext6                                        text6        001B3C
__ptext7                                        text7        001A2A
__ptext8                                        text8        001C48
__ptext9                                        text9        001C68
__ramtop                                        ramtop       000F00
__size_of_ADC_DefaultInterruptHandler           (abs)        000000
__size_of_ADC_GetConversionResult               (abs)        000000
__size_of_ADC_ISR                               (abs)        000000
__size_of_ADC_Initialize                        (abs)        000000
__size_of_ADC_SetInterruptHandler               (abs)        000000
__size_of_ADC_StartConversion                   (abs)        000000
__size_of_EEPROM_ReadPg                         (abs)        000000
__size_of_EEPROM_WritePg                        (abs)        000000
__size_of_EUSART1_DefaultErrorHandler           (abs)        000000
__size_of_EUSART1_DefaultFramingErrorHandler    (abs)        000000
__size_of_EUSART1_DefaultOverrunErrorHandler    (abs)        000000
__size_of_EUSART1_Initialize                    (abs)        000000
__size_of_EUSART1_Receive_ISR                   (abs)        000000
__size_of_EUSART1_RxDataHandler                 (abs)        000000
__size_of_EUSART1_SetErrorHandler               (abs)        000000
__size_of_EUSART1_SetFramingErrorHandler        (abs)        000000
__size_of_EUSART1_SetOverrunErrorHandler        (abs)        000000
__size_of_EUSART1_SetRxInterruptHandler         (abs)        000000
__size_of_EUSART1_SetTxInterruptHandler         (abs)        000000
__size_of_EUSART1_Transmit_ISR                  (abs)        000000
__size_of_I2C_INTIALIZE                         (abs)        000000
__size_of_I2C_Initialize                        (abs)        000000
__size_of_INTERRUPT_Initialize                  (abs)        000000
__size_of_INTERRUPT_InterruptManagerHigh        (abs)        000000
__size_of_INTERRUPT_InterruptManagerLow         (abs)        000000
__size_of_MAX517_Update                         (abs)        000000
__size_of_OSCILLATOR_Initialize                 (abs)        000000
__size_of_PIN_MANAGER_Initialize                (abs)        000000
__size_of_SYSTEM_Initialize                     (abs)        000000
__size_of_TMR0_Initialize                       (abs)        000000
__size_of_TMR1_DefaultInterruptHandler          (abs)        000000
__size_of_TMR1_ISR                              (abs)        000000
__size_of_TMR1_Initialize                       (abs)        000000
__size_of_TMR1_Reload                           (abs)        000000
__size_of_TMR1_SetInterruptHandler              (abs)        000000
__size_of_TMR1_WriteTimer                       (abs)        000000
__size_of___aldiv                               (abs)        000000
__size_of_i2c_read                              (abs)        000000
__size_of_i2c_start                             (abs)        000000
__size_of_i2c_stop                              (abs)        000000
__size_of_i2c_write                             (abs)        000000
__size_of_main                                  (abs)        000000
__size_ofi2_TMR1_WriteTimer                     (abs)        000000
__smallconst                                    smallconst   000F00
_bufNum                                         nvCOMRAM     000037
_bufNumber                                      bssCOMRAM    000044
_count                                          bssCOMRAM    000045
_eusart1RxBuffer                                bssBANK1     000100
_eusart1RxCount                                 bssCOMRAM    000047
_eusart1RxHead                                  bssCOMRAM    000049
_eusart1RxLastError                             bssCOMRAM    000046
_eusart1RxStatusBuffer                          bssBANK0     000060
_eusart1RxTail                                  bssCOMRAM    000048
_eusart1TxBuffer                                bssBANK1     000140
_eusart1TxBufferRemaining                       nvCOMRAM     000038
_eusart1TxHead                                  bssCOMRAM    00004B
_eusart1TxTail                                  bssCOMRAM    00004A
_i2c_fsmStateTable                              smallconst   000F01
_i2c_read                                       text27       001A60
_i2c_start                                      text26       001C20
_i2c_stop                                       text23       001C0C
_i2c_write                                      text25       001BE0
_main                                           text0        000F28
_myAdcValue                                     bssCOMRAM    00003E
_myFlag                                         dataCOMRAM   00004C
_myPlayFlag                                     dataCOMRAM   00004D
_myState                                        dataCOMRAM   00004E
_numOfBytesWritten                              bssCOMRAM    000039
_page                                           bssCOMRAM    00003C
_rd1RegCompleteHandler                          (abs)        000000
_rd2RegCompleteHandler                          (abs)        000000
_rdBlkRegCompleteHandler                        (abs)        000000
_readBufOne                                     bssBANK1     000180
_readBufTwo                                     bssBANK2     000280
_readOneIsFull                                  bssCOMRAM    000042
_readTwoIsFull                                  bssCOMRAM    000043
_stateMachine                                   bssCOMRAM    000040
_timer0ReloadVal                                nvCOMRAM     000025
_timer1ReloadVal                                nvCOMRAM     00002B
_wr1RegCompleteHandler                          (abs)        000000
_wr2RegCompleteHandler                          (abs)        000000
_writeBufOne                                    bssBANK2     000200
_writeBufTwo                                    bssBANK3     000300
btemp                                           temp         00004F
end_of_initialization                           cinit        001834
i2TMR1_WriteTimer@timerVal                      cstackCOMRAM 000001
i2_TMR1_WriteTimer                              text38       001B14
i2c_read@ACK_NACK                               cstackCOMRAM 000010
i2c_write@data                                  cstackCOMRAM 000010
int$flags                                       temp         00004F
int_func                                        intcode_body 0018B6
intlevel0                                       text         000000
intlevel1                                       text         000000
intlevel2                                       text         000000
intlevel3                                       text         000000
isa$std                                         (abs)        000001
isa$xinst                                       (abs)        000000
stackhi                                         (abs)        000E40
stacklo                                         (abs)        000380
start                                           init         0000C6
start_initialization                            cinit        0017CA
ttemp5                                          temp         000050
ttemp6                                          temp         000053
ttemp7                                          temp         000057
wtemp8                                          temp         000050


MODULE INFORMATION

Module		Function		Class		Link	Load	Size
C:\Program Files\Microchip\xc8\v2.32\pic\sources\c99\common\aldiv.c
		___aldiv       		CODE           	12F0	0000	268

C:\Program Files\Microchip\xc8\v2.32\pic\sources\c99\common\aldiv.c estimated size: 268

max517.c
		_MAX517_Update 		CODE           	1BA8	0000	30

max517.c estimated size: 30

mcc_generated_files/interrupt_manager.c
		_INTERRUPT_Initialize		CODE           	1C68	0000	12
		_INTERRUPT_InterruptManagerLow		CODE           	0018	0000	174
		_INTERRUPT_InterruptManagerHigh		CODE           	0008	0000	110

mcc_generated_files/interrupt_manager.c estimated size: 296

mcc_generated_files/tmr0.c
		_TMR0_Initialize		CODE           	1B3C	0000	38

mcc_generated_files/tmr0.c estimated size: 38

I2C.c
		_i2c_start     		CODE           	1C20	0000	20
		_I2C_INTIALIZE 		CODE           	191E	0000	90
		_i2c_write     		CODE           	1BE0	0000	24
		_i2c_stop      		CODE           	1C0C	0000	20
		_i2c_read      		CODE           	1A60	0000	50

I2C.c estimated size: 204

mcc_generated_files/pin_manager.c
		_PIN_MANAGER_Initialize		CODE           	1A2A	0000	54

mcc_generated_files/pin_manager.c estimated size: 54

mcc_generated_files/adc.c
		_ADC_DefaultInterruptHandler		CODE           	1688	0000	176
		_ADC_Initialize		CODE           	1B62	0000	36
		_ADC_SetInterruptHandler		CODE           	1CB0	0000	10
		_ADC_GetConversionResult		CODE           	1C34	0000	20
		_ADC_StartConversion		CODE           	1BC6	0000	26
		_ADC_ISR       		CODE           	1A92	0000	48

mcc_generated_files/adc.c estimated size: 316

EEPROM.c
		_EEPROM_ReadPg 		CODE           	13FC	0000	232
		_EEPROM_WritePg		CODE           	14E4	0000	228

EEPROM.c estimated size: 460

shared
		__initialization		CODE           	17CA	0000	106
		i2_TMR1_WriteTimer		CODE           	1B14	0000	40
		_i2c_fsmStateTable		SMALLCONST     	0F01	0000	32

shared estimated size: 178

mcc_generated_files/eusart1.c
		_EUSART1_SetRxInterruptHandler		CODE           	1C88	0000	10
		_EUSART1_SetTxInterruptHandler		CODE           	1C7E	0000	10
		_EUSART1_Initialize		CODE           	1842	0000	116
		_EUSART1_DefaultErrorHandler		CODE           	1CC0	0000	6
		_EUSART1_SetFramingErrorHandler		CODE           	1C9C	0000	10
		_EUSART1_SetOverrunErrorHandler		CODE           	1C92	0000	10
		_EUSART1_SetErrorHandler		CODE           	1CA6	0000	10
		_EUSART1_Receive_ISR		CODE           	15C8	0000	192
		_EUSART1_RxDataHandler		CODE           	1AC2	0000	42
		_EUSART1_DefaultOverrunErrorHandler		CODE           	1CBA	0000	6
		_EUSART1_Transmit_ISR		CODE           	1978	0000	64
		_EUSART1_DefaultFramingErrorHandler		CODE           	1CCA	0000	2

mcc_generated_files/eusart1.c estimated size: 478

mcc_generated_files/mcc.c
		_OSCILLATOR_Initialize		CODE           	1C48	0000	18
		_SYSTEM_Initialize		CODE           	1B86	0000	34

mcc_generated_files/mcc.c estimated size: 52

mcc_generated_files/tmr1.c
		_TMR1_Initialize		CODE           	19F4	0000	54
		_TMR1_SetInterruptHandler		CODE           	1C74	0000	10
		_TMR1_Reload   		CODE           	1C5A	0000	14
		_TMR1_DefaultInterruptHandler		CODE           	1738	0000	146
		_TMR1_WriteTimer		CODE           	1AEC	0000	40
		_TMR1_ISR      		CODE           	19B8	0000	60

mcc_generated_files/tmr1.c estimated size: 324

mcc_generated_files/i2c_master.c
		_I2C_Initialize		CODE           	1BF8	0000	20

mcc_generated_files/i2c_master.c estimated size: 20

main.c
		_main          		CODE           	0F28	0000	968

main.c estimated size: 968

