Microchip MPLAB XC8 Compiler V2.32

Linker command line:

-W-3 --edf=C:\Program Files\Microchip\xc8\v2.32\pic\dat\en_msgs.txt -cn \
  -h+dist/default/production\Thyristor_One.X.production.sym \
  --cmf=dist/default/production\Thyristor_One.X.production.cmf -z \
  -Q18F45K80 -oC:\Users\kolel\AppData\Local\Temp\xcAs750.4 \
  --defsym=__MPLAB_BUILD=1 \
  -Mdist/default/production/Thyristor_One.X.production.map -E1 \
  -ver=XC8 Compiler --acfsm=1493 -ASTACK=060h-0E40h -pstack=STACK \
  -ACODE=00h-07FFFh -ACONST=00h-07FFFh -ASMALLCONST=0F00h-0FFFhx113 \
  -AMEDIUMCONST=0F00h-07FFFh -ACOMRAM=01h-05Fh -AABS1=00h-0E40h \
  -ABIGRAM=01h-0E40h -ARAM=060h-0FFh,0100h-01FFhx13,0E00h-0E40h \
  -ABANK0=060h-0FFh -ABANK1=0100h-01FFh -ABANK2=0200h-02FFh \
  -ABANK3=0300h-03FFh -ABANK4=0400h-04FFh -ABANK5=0500h-05FFh \
  -ABANK6=0600h-06FFh -ABANK7=0700h-07FFh -ABANK8=0800h-08FFh \
  -ABANK9=0900h-09FFh -ABANK10=0A00h-0AFFh -ABANK11=0B00h-0BFFh \
  -ABANK12=0C00h-0CFFh -ABANK13=0D00h-0DFFh -ABANK14=0E00h-0E40h \
  -ASFR=0E41h-0EFFh,0F00h-0F5Fh,0F60h-0FFFh -ACONFIG=0300000h-030000Dh \
  -AIDLOC=0200000h-0200007h -AEEDATA=0F00000h-0F003FFh -peeprom_data=EEDATA \
  -preset_vec=00h,intcode=08h,intcodelo,powerup,init -pramtop=0F00h \
  -psmallconst=SMALLCONST -pmediumconst=MEDIUMCONST -pconst=CONST \
  -AFARRAM=00h-00h \
  -prdata=COMRAM,nvrram=COMRAM,nvbit=COMRAM,rbss=COMRAM,rbit=COMRAM \
  -pfarbss=FARRAM,fardata=FARRAM,nvFARRAM=FARRAM \
  -pintsave_regs=BIGRAM,bigbss=BIGRAM,bigdata=BIGRAM -pbss=RAM \
  -pidata=CODE,irdata=CODE,ibigdata=CODE,ifardata=CODE -prparam=COMRAM \
  C:\Users\kolel\AppData\Local\Temp\xcAs750.o \
  dist/default/production\Thyristor_One.X.production.o 

Object code version is 3.11

Machine type is 18F45K80



                Name                               Link     Load   Length Selector   Space Scale
C:\Users\kolel\AppData\Local\Temp\xcAs750.o
                idloc                            200000   200000        8        0       5
                config                           300000   300000        E        0       4
                init                                 8A       8A        4        4       0
                reset_vec                             0        0        4        0       0
dist/default/production\Thyristor_One.X.production.o
                intcode                               8        8       82        4       0
                idloc                            200000   200000        8        0       5
                config                           300000   300000        E        0       4
                temp                                  F        F        1        1       1
                text17                              21A      21A        6        4       0
                text16                              17C      17C       2E        4       0
                text15                              212      212        8        4       0
                text14                              228      228        4        4       0
                text13                              22C      22C        2        4       0
                text12                              224      224        4        4       0
                text11                               8E       8E       42        4       0
                text9                               200      200        A        4       0
                text8                               1C0      1C0       14        4       0
                text7                               20A      20A        8        4       0
                text6                               1D4      1D4       12        4       0
                text5                               10C      10C       3A        4       0
                text4                               1F6      1F6        A        4       0
                text3                               146      146       36        4       0
                text2                               1AA      1AA       16        4       0
                text1                               220      220        4        4       0
                text0                                D0       D0       3C        4       0
                cstackCOMRAM                          1        1        7        1       1
                bssCOMRAM                             E        E        1        1       1
                cinit                               1E6      1E6       10        4       0
                nvCOMRAM                              8        8        6        1       1

TOTAL           Name                               Link     Load   Length     Space
        CLASS   STACK          

        CLASS   CODE           
                intcode                               8        8       82         0
                init                                 8A       8A        4         0
                reset_vec                             0        0        4         0
                text17                              21A      21A        6         0
                text16                              17C      17C       2E         0
                text15                              212      212        8         0
                text14                              228      228        4         0
                text13                              22C      22C        2         0
                text12                              224      224        4         0
                text11                               8E       8E       42         0
                text9                               200      200        A         0
                text8                               1C0      1C0       14         0
                text7                               20A      20A        8         0
                text6                               1D4      1D4       12         0
                text5                               10C      10C       3A         0
                text4                               1F6      1F6        A         0
                text3                               146      146       36         0
                text2                               1AA      1AA       16         0
                text1                               220      220        4         0
                text0                                D0       D0       3C         0
                cinit                               1E6      1E6       10         0

        CLASS   CONST          

        CLASS   SMALLCONST     

        CLASS   MEDIUMCONST    

        CLASS   COMRAM         
                temp                                  F        F        1         1
                cstackCOMRAM                          1        1        7         1
                bssCOMRAM                             E        E        1         1
                nvCOMRAM                              8        8        6         1

        CLASS   ABS1           

        CLASS   BIGRAM         

        CLASS   RAM            

        CLASS   BANK0          

        CLASS   BANK1          

        CLASS   BANK2          

        CLASS   BANK3          

        CLASS   BANK4          

        CLASS   BANK5          

        CLASS   BANK6          

        CLASS   BANK7          

        CLASS   BANK8          

        CLASS   BANK9          

        CLASS   BANK10         

        CLASS   BANK11         

        CLASS   BANK12         

        CLASS   BANK13         

        CLASS   BANK14         

        CLASS   SFR            

        CLASS   CONFIG         
                config                           300000   300000        E         4

        CLASS   IDLOC          
                idloc                            200000   200000        8         5

        CLASS   EEDATA         

        CLASS   FARRAM         



SEGMENTS        Name                           Load    Length   Top    Selector   Space  Class

                reset_vec                      000000  000004  000004         0       0  CODE    
                cstackCOMRAM                   000001  00000F  000010         1       1  COMRAM  
                intcode                        000008  000226  00022E         4       0  CODE    


UNUSED ADDRESS RANGES

        Name                Unused          Largest block    Delta
        BANK0            000060-0000FF               A0
        BANK1            000100-0001FF              100
        BANK10           000A00-000AFF              100
        BANK11           000B00-000BFF              100
        BANK12           000C00-000CFF              100
        BANK13           000D00-000DFF              100
        BANK14           000E00-000E40               41
        BANK2            000200-0002FF              100
        BANK3            000300-0003FF              100
        BANK4            000400-0004FF              100
        BANK5            000500-0005FF              100
        BANK6            000600-0006FF              100
        BANK7            000700-0007FF              100
        BANK8            000800-0008FF              100
        BANK9            000900-0009FF              100
        BIGRAM           000010-000E40              E31
        CODE             000004-000007                4
                         00022E-007FFF             7DD2
        COMRAM           000010-00005F               50
        CONST            000004-000007                4
                         00022E-007FFF             7DD2
        EEDATA           F00000-F003FF              400
        MEDIUMCONST      000F00-007FFF             7100
        RAM              000060-000E40              100
        SFR              000E41-000FFF               BF
        SMALLCONST       000F00-007FFF              100
        STACK            000060-000E40              DE1

                                  Symbol Table

INT0_SetInterruptHandler@InterruptHandler cstackCOMRAM 000003
TMR0_SetInterruptHandler@InterruptHandler cstackCOMRAM 000003
_ANCON0                                   (abs)        000F5D
_ANCON1                                   (abs)        000F5C
_EXT_INT_Initialize                       text8        0001C0
_INT0_CallBack                            text16       00017C
_INT0_DefaultInterruptHandler             text17       00021A
_INT0_ISR                                 text15       000212
_INT0_InterruptHandler                    nvCOMRAM     00000C
_INT0_SetInterruptHandler                 text9        000200
_INTCON2bits                              (abs)        000FF1
_INTCONbits                               (abs)        000FF2
_INTERRUPT_Initialize                     text7        00020A
_INTERRUPT_InterruptManagerHigh           intcode      000008
_LATA                                     (abs)        000F89
_LATB                                     (abs)        000F8A
_LATC                                     (abs)        000F8B
_LATD                                     (abs)        000F8C
_LATDbits                                 (abs)        000F8C
_LATE                                     (abs)        000F8D
_OSCCON                                   (abs)        000FD3
_OSCCON2                                  (abs)        000FD2
_OSCILLATOR_Initialize                    text6        0001D4
_OSCTUNE                                  (abs)        000F9B
_PIN_MANAGER_IOC                          text14       000228
_PIN_MANAGER_Initialize                   text5        00010C
_RCONbits                                 (abs)        000FD0
_REFOCON                                  (abs)        000F9A
_SYSTEM_Initialize                        text2        0001AA
_T0CON                                    (abs)        000FD5
_T0CONbits                                (abs)        000FD5
_TMR0H                                    (abs)        000FD7
_TMR0L                                    (abs)        000FD6
_TMR0_DefaultInterruptHandler             text13       00022C
_TMR0_ISR                                 text11       00008E
_TMR0_Initialize                          text3        000146
_TMR0_InterruptHandler                    nvCOMRAM     00000A
_TMR0_SetInterruptHandler                 text4        0001F6
_TMR0_StopTimer                           text1        000220
_TRISA                                    (abs)        000F92
_TRISB                                    (abs)        000F93
_TRISC                                    (abs)        000F94
_TRISD                                    (abs)        000F95
_TRISE                                    (abs)        000F96
_WPUB                                     (abs)        000F5B
__HRAM                                    (abs)        000000
__Habs1                                   abs1         000000
__Hbank0                                  bank0        000000
__Hbank1                                  bank1        000000
__Hbank10                                 bank10       000000
__Hbank11                                 bank11       000000
__Hbank12                                 bank12       000000
__Hbank13                                 bank13       000000
__Hbank14                                 bank14       000000
__Hbank2                                  bank2        000000
__Hbank3                                  bank3        000000
__Hbank4                                  bank4        000000
__Hbank5                                  bank5        000000
__Hbank6                                  bank6        000000
__Hbank7                                  bank7        000000
__Hbank8                                  bank8        000000
__Hbank9                                  bank9        000000
__Hbigbss                                 bigbss       000000
__Hbigdata                                bigdata      000000
__Hbigram                                 bigram       000000
__Hbss                                    bss          000000
__HbssCOMRAM                              bssCOMRAM    000000
__Hcinit                                  cinit        000000
__Hclrtext                                clrtext      000000
__Hcomram                                 comram       000000
__Hconfig                                 config       30000E
__Hconst                                  const        000000
__HcstackCOMRAM                           cstackCOMRAM 000000
__Hdata                                   data         000000
__Heeprom_data                            eeprom_data  000000
__Hfarbss                                 farbss       000000
__Hfardata                                fardata      000000
__Hibigdata                               ibigdata     000000
__Hidata                                  idata        000000
__Hidloc                                  idloc        200008
__Hifardata                               ifardata     000000
__Hinit                                   init         00008E
__Hintcode                                intcode      00008A
__Hintcode_body                           intcode_body 000000
__Hintcodelo                              intcodelo    00008A
__Hintentry                               intentry     000000
__Hintret                                 intret       000000
__Hintsave_regs                           intsave_regs 000000
__Hirdata                                 irdata       000000
__Hmediumconst                            mediumconst  000000
__HnvCOMRAM                               nvCOMRAM     000000
__HnvFARRAM                               nvFARRAM     000000
__Hnvbit                                  nvbit        000000
__Hnvrram                                 nvrram       000000
__Hparam                                  rparam       000000
__Hpowerup                                powerup      00008A
__Hram                                    ram          000000
__Hramtop                                 ramtop       000F00
__Hrbit                                   rbit         000000
__Hrbss                                   rbss         000000
__Hrdata                                  rdata        000000
__Hreset_vec                              reset_vec    000004
__Hrparam                                 rparam       000000
__Hsfr                                    sfr          000000
__Hsmallconst                             smallconst   000000
__Hspace_0                                (abs)        000F00
__Hspace_1                                (abs)        000010
__Hspace_2                                (abs)        000000
__Hspace_4                                (abs)        60000E
__Hstack                                  stack        000000
__Hstruct                                 struct       000000
__Htemp                                   temp         000010
__Htext                                   text         000000
__Htext0                                  text0        000000
__Htext1                                  text1        000000
__Htext11                                 text11       000000
__Htext12                                 text12       000000
__Htext13                                 text13       000000
__Htext14                                 text14       000000
__Htext15                                 text15       000000
__Htext16                                 text16       000000
__Htext17                                 text17       000000
__Htext18                                 text18       000000
__Htext2                                  text2        000000
__Htext3                                  text3        000000
__Htext4                                  text4        000000
__Htext5                                  text5        000000
__Htext6                                  text6        000000
__Htext7                                  text7        000000
__Htext8                                  text8        000000
__Htext9                                  text9        000000
__LRAM                                    (abs)        000001
__Labs1                                   abs1         000000
__Lbank0                                  bank0        000000
__Lbank1                                  bank1        000000
__Lbank10                                 bank10       000000
__Lbank11                                 bank11       000000
__Lbank12                                 bank12       000000
__Lbank13                                 bank13       000000
__Lbank14                                 bank14       000000
__Lbank2                                  bank2        000000
__Lbank3                                  bank3        000000
__Lbank4                                  bank4        000000
__Lbank5                                  bank5        000000
__Lbank6                                  bank6        000000
__Lbank7                                  bank7        000000
__Lbank8                                  bank8        000000
__Lbank9                                  bank9        000000
__Lbigbss                                 bigbss       000000
__Lbigdata                                bigdata      000000
__Lbigram                                 bigram       000000
__Lbss                                    bss          000000
__LbssCOMRAM                              bssCOMRAM    000000
__Lcinit                                  cinit        000000
__Lclrtext                                clrtext      000000
__Lcomram                                 comram       000000
__Lconfig                                 config       000000
__Lconst                                  const        000000
__LcstackCOMRAM                           cstackCOMRAM 000000
__Ldata                                   data         000000
__Leeprom_data                            eeprom_data  000000
__Lfarbss                                 farbss       000000
__Lfardata                                fardata      000000
__Libigdata                               ibigdata     000000
__Lidata                                  idata        000000
__Lidloc                                  idloc        000000
__Lifardata                               ifardata     000000
__Linit                                   init         00008A
__Lintcode                                intcode      000008
__Lintcode_body                           intcode_body 000000
__Lintcodelo                              intcodelo    00008A
__Lintentry                               intentry     000000
__Lintret                                 intret       000000
__Lintsave_regs                           intsave_regs 000000
__Lirdata                                 irdata       000000
__Lmediumconst                            mediumconst  000000
__LnvCOMRAM                               nvCOMRAM     000000
__LnvFARRAM                               nvFARRAM     000000
__Lnvbit                                  nvbit        000000
__Lnvrram                                 nvrram       000000
__Lparam                                  rparam       000000
__Lpowerup                                powerup      00008A
__Lram                                    ram          000000
__Lramtop                                 ramtop       000F00
__Lrbit                                   rbit         000000
__Lrbss                                   rbss         000000
__Lrdata                                  rdata        000000
__Lreset_vec                              reset_vec    000000
__Lrparam                                 rparam       000000
__Lsfr                                    sfr          000000
__Lsmallconst                             smallconst   000000
__Lspace_0                                (abs)        000000
__Lspace_1                                (abs)        000000
__Lspace_2                                (abs)        000000
__Lspace_4                                (abs)        000000
__Lstack                                  stack        000000
__Lstruct                                 struct       000000
__Ltemp                                   temp         00000F
__Ltext                                   text         000000
__Ltext0                                  text0        000000
__Ltext1                                  text1        000000
__Ltext11                                 text11       000000
__Ltext12                                 text12       000000
__Ltext13                                 text13       000000
__Ltext14                                 text14       000000
__Ltext15                                 text15       000000
__Ltext16                                 text16       000000
__Ltext17                                 text17       000000
__Ltext18                                 text18       000000
__Ltext2                                  text2        000000
__Ltext3                                  text3        000000
__Ltext4                                  text4        000000
__Ltext5                                  text5        000000
__Ltext6                                  text6        000000
__Ltext7                                  text7        000000
__Ltext8                                  text8        000000
__Ltext9                                  text9        000000
__S0                                      (abs)        00022E
__S1                                      (abs)        000010
__S2                                      (abs)        000000
__S4                                      (abs)        000000
__S5                                      (abs)        000000
___inthi_sp                               stack        000000
___intlo_sp                               stack        000000
___param_bank                             (abs)        000000
___rparam_used                            (abs)        000001
___sp                                     stack        000000
__accesstop                               (abs)        000060
__activetblptr                            (abs)        000002
__end_of_EXT_INT_Initialize               text8        0001D4
__end_of_INT0_CallBack                    text16       0001AA
__end_of_INT0_DefaultInterruptHandler     text17       000220
__end_of_INT0_ISR                         text15       00021A
__end_of_INT0_SetInterruptHandler         text9        00020A
__end_of_INTERRUPT_Initialize             text7        000212
__end_of_INTERRUPT_InterruptManagerHigh   intcode      00008A
__end_of_OSCILLATOR_Initialize            text6        0001E6
__end_of_PIN_MANAGER_IOC                  text14       00022C
__end_of_PIN_MANAGER_Initialize           text5        000146
__end_of_SYSTEM_Initialize                text2        0001C0
__end_of_TMR0_DefaultInterruptHandler     text13       00022E
__end_of_TMR0_ISR                         text11       0000D0
__end_of_TMR0_Initialize                  text3        00017C
__end_of_TMR0_SetInterruptHandler         text4        000200
__end_of_TMR0_StopTimer                   text1        000224
__end_of__initialization                  cinit        0001E8
__end_of_main                             text0        00010C
__end_ofi2_TMR0_StopTimer                 text12       000228
__initialization                          cinit        0001E6
__mediumconst                             mediumconst  000000
__pbssCOMRAM                              bssCOMRAM    00000E
__pcinit                                  cinit        0001E6
__pcstackCOMRAM                           cstackCOMRAM 000001
__pintcode                                intcode      000008
__pnvCOMRAM                               nvCOMRAM     000008
__ptext0                                  text0        0000D0
__ptext1                                  text1        000220
__ptext11                                 text11       00008E
__ptext12                                 text12       000224
__ptext13                                 text13       00022C
__ptext14                                 text14       000228
__ptext15                                 text15       000212
__ptext16                                 text16       00017C
__ptext17                                 text17       00021A
__ptext18                                 text18       000000
__ptext2                                  text2        0001AA
__ptext3                                  text3        000146
__ptext4                                  text4        0001F6
__ptext5                                  text5        00010C
__ptext6                                  text6        0001D4
__ptext7                                  text7        00020A
__ptext8                                  text8        0001C0
__ptext9                                  text9        000200
__ramtop                                  ramtop       000F00
__size_of_EXT_INT_Initialize              (abs)        000000
__size_of_INT0_CallBack                   (abs)        000000
__size_of_INT0_DefaultInterruptHandler    (abs)        000000
__size_of_INT0_ISR                        (abs)        000000
__size_of_INT0_SetInterruptHandler        (abs)        000000
__size_of_INTERRUPT_Initialize            (abs)        000000
__size_of_INTERRUPT_InterruptManagerHigh  (abs)        000000
__size_of_OSCILLATOR_Initialize           (abs)        000000
__size_of_PIN_MANAGER_IOC                 (abs)        000000
__size_of_PIN_MANAGER_Initialize          (abs)        000000
__size_of_SYSTEM_Initialize               (abs)        000000
__size_of_TMR0_DefaultInterruptHandler    (abs)        000000
__size_of_TMR0_ISR                        (abs)        000000
__size_of_TMR0_Initialize                 (abs)        000000
__size_of_TMR0_SetInterruptHandler        (abs)        000000
__size_of_TMR0_StopTimer                  (abs)        000000
__size_of_main                            (abs)        000000
__size_ofi2_TMR0_StopTimer                (abs)        000000
__smallconst                              smallconst   000000
_main                                     text0        0000D0
_status                                   bssCOMRAM    00000E
_timer0ReloadVal                          nvCOMRAM     000008
btemp                                     temp         00000F
end_of_initialization                     cinit        0001E8
i2_TMR0_StopTimer                         text12       000224
int$flags                                 temp         00000F
intlevel0                                 text         000000
intlevel1                                 text         000000
intlevel2                                 text         000000
intlevel3                                 text         000000
isa$std                                   (abs)        000001
isa$xinst                                 (abs)        000000
stackhi                                   (abs)        000E40
stacklo                                   (abs)        000060
start                                     init         00008A
start_initialization                      cinit        0001E6
ttemp5                                    temp         000010
ttemp6                                    temp         000013
ttemp7                                    temp         000017
wtemp8                                    temp         000010


MODULE INFORMATION

Module		Function		Class		Link	Load	Size
mcc_generated_files/interrupt_manager.c
		_INTERRUPT_Initialize		CODE           	020A	0000	8
		_INTERRUPT_InterruptManagerHigh		CODE           	0008	0000	130

mcc_generated_files/interrupt_manager.c estimated size: 138

mcc_generated_files/tmr0.c
		_TMR0_SetInterruptHandler		CODE           	01F6	0000	10
		_TMR0_StopTimer		CODE           	0220	0000	4
		_TMR0_DefaultInterruptHandler		CODE           	022C	0000	2
		_TMR0_ISR      		CODE           	008E	0000	66
		_TMR0_Initialize		CODE           	0146	0000	54

mcc_generated_files/tmr0.c estimated size: 136

mcc_generated_files/pin_manager.c
		_PIN_MANAGER_Initialize		CODE           	010C	0000	58
		_PIN_MANAGER_IOC		CODE           	0228	0000	4

mcc_generated_files/pin_manager.c estimated size: 62

mcc_generated_files/ext_int.c
		_INT0_SetInterruptHandler		CODE           	0200	0000	10
		_EXT_INT_Initialize		CODE           	01C0	0000	20
		_INT0_DefaultInterruptHandler		CODE           	021A	0000	6
		_INT0_CallBack 		CODE           	017C	0000	46
		_INT0_ISR      		CODE           	0212	0000	8

mcc_generated_files/ext_int.c estimated size: 90

shared
		i2_TMR0_StopTimer		CODE           	0224	0000	4
		__initialization		CODE           	01E6	0000	2

shared estimated size: 6

mcc_generated_files/mcc.c
		_OSCILLATOR_Initialize		CODE           	01D4	0000	18
		_SYSTEM_Initialize		CODE           	01AA	0000	22

mcc_generated_files/mcc.c estimated size: 40

main.c
		_main          		CODE           	00D0	0000	60

main.c estimated size: 60

